// Jest Snapshot v1, https://goo.gl/fbAQLP

exports[`KeyValue Snapshot renders correctly 1`] = `
<View
  style={
    Object {
      "flexDirection": "row",
      "flexWrap": "wrap",
      "justifyContent": "center",
      "marginVertical": 4,
      "width": "100%",
    }
  }
  testID="keyValueId"
>
  <Text
    style={
      Object {
        "color": "#2c3e50",
        "fontSize": 18,
        "paddingRight": 4,
      }
    }
  >
    name
  </Text>
  <Text
    style={
      Object {
        "color": "#000",
        "fontSize": 18,
        "fontWeight": "bold",
      }
    }
  >
    Majid
  </Text>
</View>
`;
