// Jest Snapshot v1, https://goo.gl/fbAQLP

exports[`Person Item Snapshot renders correctly 1`] = `
<View
  testID="personItem"
>
  <Text>
    In person item
  </Text>
  <Text>
    {"id":"cj0nv9phmewhy0130he5s0k5r","name":"Ackbar","height":180,"mass":83,"films":[{"id":"cj0nxmy5ega600114uiw05wle","title":"Return of the Jedi"},{"id":"cj0nxmy69ga640114e3eb7bn2","title":"The Force Awakens"}],"__typename":"Person"}
  </Text>
</View>
`;
